- **Publieke review gepland**: 05-02-2024
- **Import id**: 52333
- **Nummer**: AVGR6018277448
- **Aanmaakdatum**: 05-02-2024 01:00
- **Wijzigingsdatum**: 05-02-2024 01:00
- **Verdeling verantwoordelijkheid**: Optio doloribus culpa aspernatur.
- <!--- #App\Models\ContactPerson# --->
- <!--- #App\Models\Processor# --->
- <!--- #App\Models\System# --->
- **Beveiliging**:
  - **Pseudonimisering**: Distinctio dolor minus unde illo itaque dolorem expedita.
  - **Encryptie**: 
  - **Electronische weg**
  - **Toegang**
  - **Verwerkers**: 
  - **Verantwoordelijken**: 
  - **Maatregelen**:
- **GEB (DPIA) uitgevoerd**: Nee
- **Gepubliceerd vanaf**: 05-02-2024 01:00
