## Naam verwerking

- **Nummer verwerking**: OAFMQBH86V
- **Import nummer**: 
- **Naam verwerking**: dolorem
- **Primair / Secundair**: Secundair
- **WPG Verwerking Dienst**: Reiciendis rerum voluptas consequatur est animi\.
- **Labels**: -
- **Periodieke review**: 05-02-2024
- **Hoofdverwerking**: -

## Verwerkingsverantwoordelijke

<!--- #App\Models\Responsible# --->

## Verwerker

- **Heeft verwerkers**: nee

<!--- #App\Models\Processor# --->

## Ontvanger

- **Politiegegevens ter beschikking gesteld**
  - **Artikel 15: Aan ontvangers binnen het Wpg-domein in Nederland**: nee
  - **Artikel 15a: Aan ontvangers belast met politietaken en EU-organisaties belast met opsporing binnen de EU maar anders dan Nederland**: ja
  - **Toelichting**: -
- **Politiegegevens verstrekt aan derden**
  - **Artikel 16: aan het Openbaar Ministerie, de burgermeester of de verwerkingsverantwoordelijke zelf voor specifieke taken zoals genoemdn in art. 16, lid 1 sub c Wpg**: nee
  - **Artikel 17: aan de Nederlandse veiligheidsdiensten**: ja
  - **Artikel 18: aan ontvangers genoemd in lagere regelgeving of op basis van een machtiging van de minister van J&amp;V**: ja
  - **Artikel 19: aan ontvangers van incidentele gevallen**: nee
  - **Artikel 20: aan ontvangers in samenwerkingsverbanden**: ja
  - **Artikel 22: aan ontvangers t.b.v. wetenschappelijk onderzoek en statistiek**: nee
  - **Artikel 23: rechtstreekse verstrekking**: ja
  - **Artikel 24: rechtstreekse verstrekking aan inlichtingen- en veiligheidsdiensten**: nee
  - **Toelichting**: Quaerat consectetur repellat iure aut\.
- **Politiegegevens doorgegeven**
  - **Artikel 17a: aan ontvangers in derde landen of aan internationale organisaties die belast zijn met opsporingstaken**: nee
  - **Toelichting**: -

## Doel &amp; Grondslag

- Geen

## Bijzondere politiegegevens

- **Politiegegevens waaruit ras of etnische afkomst blijkt**: nee
- **Politiegegevens waaruit politieke opvatting blijken**: ja
- **Politiegegevens waaruit religieuze of levensbeschouwelijke overtuigingen blijken**: nee
- **Politiegegevens waaruit het lidmaatschap van een vakbond blijkt**: ja
- **Genetische politiegegevens**: nee
- **Biotmetrische politiegegevens met het oog op de unieke identificatie van een persoon**: ja
- **Politiegegevens over gezondheid**: nee
- **Politiegegevens net betrekking tot iemands seksueel gedrag of seksuele geaardheid**: ja

## Besluitvorming

- **Geautomatiseerde besluitvorming**: nee
- **Toelichting**: -
- **Consequenties**: -

## Systemen / Applicaties

- **Heeft systeem / applicatie**: nee

<!--- #App\Models\System# --->

## Beveiliging

- **Beveiliging**: ja
- **Maatregelen**
  - **Vastgesteld beveiligingsbeleid dat ook is geïmplementeerd**: nee
  - **Overige maatregelen**: ja
  - **Toelichting maatregelen**: -
- **Gebruikt u pseudonimisering?**: nee
  - **Pseudonimisering**: -

## GEB (DPIA)

- **GEB (DPIA)**: nee

## Documenten &amp; Bijlagen

- Geen

## Opmerkingen

- Geen

## Categorieën betrokkenen

- **Verdachten**: nee
- **Slachtoffers**: ja
- **Veroordeelden**: nee
- **Politie/Justitie**: ja
- **Derden**: nee
- **Toelichting derden**: -

## Publiceren

- **Publiceer vanaf**: 05-02-2024 01:00
