- **Publieke review gepland**: 21-07-2001
- **Import id**: 
- **Nummer**: 7cb7c7db-6e97-3391-8153-477df1e8fde8
- **Aanmaakdatum**: 18-04-2024 14:18
- **Wijzigingsdatum**: 18-04-2024 14:18
- **Verdeling verantwoordelijkheid**: Et dicta illo suscipit sint sunt accusamus.
- <!--- #App\Models\ContactPerson# --->
- <!--- #App\Models\Processor# --->
- <!--- #App\Models\System# --->
- **Beveiliging**:
  - **Pseudonimisering**: Aut porro et nulla.
  - **Encryptie**: 
  - **Electronische weg**
  - **Toegang**
  - **Verwerkers**: 
  - **Verantwoordelijken**: 
  - **Maatregelen**:
- **GEB (DPIA) uitgevoerd**: Ja
- **Gepubliceerd vanaf**: 24-05-2012 02:00
